vite.config.ts(5,1): error TS6133: 'path' is declared but its value is never read.
